{
    "seed": 7112827616560129577,
    "samples": [
        {
            "data": {
                "notifier": {
                    "name": "wai-middleware-rollbar",
                    "version": "0.8.2"
                },
                "platform": "linux",
                "environment": "6QS%\"",
                "body": {
                    "message": {
                        "data": [],
                        "body": "dsFZ^\u001c+OwT][M;Z!\u0006zh\u0017."
                    }
                },
                "language": "haskell",
                "level": "critical"
            },
            "access_token": "EN\u0003Ky\u0014\u00164\u0008,K\u000f1:\u001a\u0017w}b\"0oMr1EN\u000cr"
        },
        {
            "data": {
                "notifier": {
                    "name": "wai-middleware-rollbar",
                    "version": "0.8.2"
                },
                "platform": "linux",
                "environment": "\u0003]{w>3\u0000~\u001fh[\u000f\u0001`OSr",
                "body": {
                    "message": {
                        "data": [],
                        "body": "\u000eK\u0002ra\u0007^KsM\u001f s"
                    }
                },
                "language": "haskell",
                "level": "info"
            },
            "access_token": "_\u000c\u0017x9By\u0004?S\u0004s\u001bD4\u000b\u0003[:d"
        },
        {
            "data": {
                "notifier": {
                    "name": "wai-middleware-rollbar",
                    "version": "0.8.2"
                },
                "platform": "linux",
                "environment": "",
                "body": {
                    "message": {
                        "data": [],
                        "body": "s`_\u001b74\u0014Az.pTBw\u0000k\u0005w,"
                    }
                },
                "language": "haskell",
                "level": "critical"
            },
            "access_token": "<;m\u000fUa&\u0013fy34b 4"
        },
        {
            "data": {
                "notifier": {
                    "name": "wai-middleware-rollbar",
                    "version": "0.8.2"
                },
                "platform": "linux",
                "environment": "Z0\u001cL1th(\u0001aE\t",
                "body": {
                    "message": {
                        "data": [],
                        "body": "\u000cL"
                    }
                },
                "language": "haskell",
                "level": "info"
            },
            "access_token": "\u001f!\u001c\u0011zu5\u0001WH_\u0000\u00197t\u00031x:jj}"
        },
        {
            "data": {
                "notifier": {
                    "name": "wai-middleware-rollbar",
                    "version": "0.8.2"
                },
                "platform": "linux",
                "environment": "<\u001e\u0006\u0014`~;\u001fwl\u0007",
                "body": {
                    "message": {
                        "data": [],
                        "body": ""
                    }
                },
                "language": "haskell",
                "level": "warning"
            },
            "access_token": "2Oov-\u0000!RrC\t\"\u001e"
        }
    ]
}